2026-04-29 15:12:20 [INFO]: Fetching getunassignvehicle
2026-04-29 15:12:20 [INFO]: Fetching getunassignvehicle req_body = {"vendorid":"SHR2026040001"}
2026-04-29 15:13:33 [INFO]: Fetching getunassignvehicle
2026-04-29 15:13:38 [INFO]: Fetching getunassignvehicle req_body = {"vendorid":"SHR2026040001"}
2026-04-29 15:52:27 [INFO]: Fetching getunassignvehicle
2026-04-29 15:52:32 [INFO]: Fetching getunassignvehicle req_body = {"vendorid":"SHR2026040001"}
2026-04-29 15:52:53 [INFO]: Fetching getunassigndriver
2026-04-29 15:52:53 [INFO]: Fetching getunassigndriver req_body = {"vendorid":"SHR2026040001"}
2026-04-29 15:55:12 [INFO]: Fetching getunassigndriver
2026-04-29 15:55:12 [INFO]: Fetching getunassigndriver req_body = {"vendorid":"SHR2026040001"}
2026-04-29 15:56:09 [INFO]: Fetching getunassigndriver
2026-04-29 15:56:09 [INFO]: Fetching getunassigndriver req_body = {"vendorid":"SHR2026040001"}
2026-04-29 16:11:29 [INFO]: Delete Driver driverid = undefined
2026-04-29 16:13:06 [INFO]: Delete Driver driverid = undefined
2026-04-29 16:37:31 [INFO]: Delete Vehicle Vehicleid = VH040001003
2026-04-29 16:38:13 [INFO]: Delete Vehicle Vehicleid = VH040001003
2026-04-29 16:39:57 [INFO]: Delete Vehicle Vehicleid = VH040001003
2026-04-29 16:40:26 [INFO]: Delete Vehicle Vehicleid = VH040001003
2026-04-29 16:42:31 [INFO]: Delete Vehicle Vehicleid = VH040001003
2026-04-29 16:43:04 [INFO]: Delete Vehicle Vehicleid = VH040001003
2026-04-29 16:43:05 [INFO]: Delete Vehicle Vehicleid = VH040001003
2026-04-29 16:47:48 [INFO]: Delete Vehicle Vehicleid = VH040001003
2026-04-29 16:47:50 [INFO]: Delete Vehicle Vehicleid = VH040001003
2026-04-29 16:48:18 [INFO]: Delete Vehicle Vehicleid = VH040001003
2026-04-29 16:49:04 [INFO]: Delete Vehicle Vehicleid = VH040001003
2026-04-29 16:50:44 [INFO]: Delete Vehicle Vehicleid = VH040001003
2026-04-29 16:55:02 [INFO]: Delete Vehicle Vehicleid = VH040001003
2026-04-29 16:55:04 [INFO]: Delete Vehicle Vehicleid = VH040001003
2026-04-29 16:55:24 [INFO]: Delete Driver driverid = undefined
2026-04-29 16:57:59 [INFO]: Delete Driver driverid = undefined
2026-04-29 17:18:07 [INFO]: Delete Driver driverid = undefined
2026-04-29 17:21:14 [INFO]: Delete Driver driverid = undefined
2026-04-29 17:28:08 [INFO]: Delete Driver driverid = undefined
2026-04-29 17:30:39 [INFO]: Delete Driver driverid = undefined
2026-04-29 17:33:07 [INFO]: Delete Driver driverid = undefined
2026-04-29 17:35:33 [INFO]: Delete Vehicle Vehicleid = VH040001003
2026-04-29 17:36:27 [INFO]: Delete Vehicle Vehicleid = VH040001003
2026-04-29 17:41:20 [INFO]: Delete Vehicle Vehicleid = VH040001003
2026-04-29 17:41:22 [INFO]: Delete Vehicle Vehicleid = VH040001003
2026-04-29 17:41:37 [INFO]: Delete Vehicle Vehicleid = VH040001003
2026-04-29 17:43:42 [INFO]: Delete Vehicle vehicleid = VH040001003
2026-04-29 17:45:25 [INFO]: Delete Vehicle vehicleid = VH040001003
2026-04-29 17:46:39 [INFO]: Delete Vehicle vehicleid = VH040001002
2026-04-29 17:47:09 [INFO]: Delete Vehicle vehicleid = VH040001002
2026-04-29 17:50:10 [INFO]: Delete Vehicle vehicleid = VH040001002
2026-04-29 17:52:48 [INFO]: Delete Vehicle vehicleid = VH040001002
